{
  "marktype": "group",
  "name": "root",
  "role": "frame",
  "interactive": true,
  "clip": false,
  "items": [
    {
      "items": [
        {
          "marktype": "group",
          "role": "axis",
          "interactive": false,
          "clip": false,
          "items": [
            {
              "items": [
                {
                  "marktype": "rule",
                  "role": "axis-grid",
                  "interactive": false,
                  "clip": false,
                  "items": [
                    {
                      "x": 0,
                      "y": 200,
                      "opacity": 1,
                      "stroke": "#ddd",
                      "strokeWidth": 1,
                      "x2": 20
                    },
                    {
                      "x": 0,
                      "y": 167,
                      "opacity": 1,
                      "stroke": "#ddd",
                      "strokeWidth": 1,
                      "x2": 20
                    },
                    {
                      "x": 0,
                      "y": 133,
                      "opacity": 1,
                      "stroke": "#ddd",
                      "strokeWidth": 1,
                      "x2": 20
                    },
                    {
                      "x": 0,
                      "y": 100,
                      "opacity": 1,
                      "stroke": "#ddd",
                      "strokeWidth": 1,
                      "x2": 20
                    },
                    {
                      "x": 0,
                      "y": 67,
                      "opacity": 1,
                      "stroke": "#ddd",
                      "strokeWidth": 1,
                      "x2": 20
                    },
                    {
                      "x": 0,
                      "y": 33,
                      "opacity": 1,
                      "stroke": "#ddd",
                      "strokeWidth": 1,
                      "x2": 20
                    },
                    {
                      "x": 0,
                      "y": 0,
                      "opacity": 1,
                      "stroke": "#ddd",
                      "strokeWidth": 1,
                      "x2": 20
                    }
                  ],
                  "zindex": 0
                }
              ],
              "x": 0.5,
              "y": 0.5,
              "orient": "left"
            }
          ],
          "zindex": 0,
          "aria": false
        },
        {
          "marktype": "group",
          "role": "axis",
          "interactive": false,
          "clip": false,
          "items": [
            {
              "items": [
                {
                  "marktype": "rule",
                  "role": "axis-tick",
                  "interactive": false,
                  "clip": false,
                  "items": [
                    {
                      "x": 19,
                      "y": 0,
                      "opacity": 1,
                      "stroke": "#888",
                      "strokeWidth": 1,
                      "y2": 5
                    },
                    {
                      "x": 1,
                      "y": 0,
                      "opacity": 1,
                      "stroke": "#888",
                      "strokeWidth": 1,
                      "y2": 5
                    }
                  ],
                  "zindex": 0
                },
                {
                  "marktype": "text",
                  "role": "axis-label",
                  "interactive": false,
                  "clip": false,
                  "items": [
                    {
                      "x": 10,
                      "y": 7,
                      "align": "right",
                      "baseline": "middle",
                      "fill": "#000",
                      "opacity": 1,
                      "text": "",
                      "angle": 270,
                      "limit": 180,
                      "font": "sans-serif",
                      "fontSize": 10
                    },
                    {
                      "x": null,
                      "y": 7,
                      "align": "right",
                      "baseline": "middle",
                      "fill": "#000",
                      "opacity": 1,
                      "angle": 270,
                      "limit": 180,
                      "font": "sans-serif",
                      "fontSize": 10
                    }
                  ],
                  "zindex": 0
                },
                {
                  "marktype": "rule",
                  "role": "axis-domain",
                  "interactive": false,
                  "clip": false,
                  "items": [
                    {
                      "x": 0,
                      "y": 0,
                      "opacity": 1,
                      "stroke": "#888",
                      "strokeWidth": 1,
                      "x2": 20
                    }
                  ],
                  "zindex": 0
                },
                {
                  "marktype": "text",
                  "role": "axis-title",
                  "interactive": false,
                  "clip": false,
                  "items": [
                    {
                      "x": 10,
                      "y": 11,
                      "align": "center",
                      "baseline": "top",
                      "fill": "#000",
                      "opacity": 1,
                      "text": "column_name",
                      "angle": 0,
                      "font": "sans-serif",
                      "fontSize": 11,
                      "fontWeight": "bold"
                    }
                  ],
                  "zindex": 0
                }
              ],
              "x": 0.5,
              "y": 200.5,
              "orient": "bottom"
            }
          ],
          "zindex": 0
        },
        {
          "marktype": "group",
          "role": "axis",
          "interactive": false,
          "clip": false,
          "items": [
            {
              "items": [
                {
                  "marktype": "rule",
                  "role": "axis-tick",
                  "interactive": false,
                  "clip": false,
                  "items": [
                    {
                      "x": 0,
                      "y": 200,
                      "opacity": 1,
                      "stroke": "#888",
                      "strokeWidth": 1,
                      "x2": -5
                    },
                    {
                      "x": 0,
                      "y": 167,
                      "opacity": 1,
                      "stroke": "#888",
                      "strokeWidth": 1,
                      "x2": -5
                    },
                    {
                      "x": 0,
                      "y": 133,
                      "opacity": 1,
                      "stroke": "#888",
                      "strokeWidth": 1,
                      "x2": -5
                    },
                    {
                      "x": 0,
                      "y": 100,
                      "opacity": 1,
                      "stroke": "#888",
                      "strokeWidth": 1,
                      "x2": -5
                    },
                    {
                      "x": 0,
                      "y": 67,
                      "opacity": 1,
                      "stroke": "#888",
                      "strokeWidth": 1,
                      "x2": -5
                    },
                    {
                      "x": 0,
                      "y": 33,
                      "opacity": 1,
                      "stroke": "#888",
                      "strokeWidth": 1,
                      "x2": -5
                    },
                    {
                      "x": 0,
                      "y": 0,
                      "opacity": 1,
                      "stroke": "#888",
                      "strokeWidth": 1,
                      "x2": -5
                    }
                  ],
                  "zindex": 0
                },
                {
                  "marktype": "text",
                  "role": "axis-label",
                  "interactive": false,
                  "clip": false,
                  "items": [
                    {
                      "x": -7,
                      "y": 200,
                      "align": "right",
                      "baseline": "middle",
                      "fill": "#000",
                      "opacity": 1,
                      "text": "0.0",
                      "angle": 0,
                      "limit": 180,
                      "font": "sans-serif",
                      "fontSize": 10
                    },
                    {
                      "x": -7,
                      "y": 166.66666666666666,
                      "align": "right",
                      "baseline": "middle",
                      "fill": "#000",
                      "opacity": 1,
                      "text": "0.2",
                      "angle": 0,
                      "limit": 180,
                      "font": "sans-serif",
                      "fontSize": 10
                    },
                    {
                      "x": -7,
                      "y": 133.33333333333331,
                      "align": "right",
                      "baseline": "middle",
                      "fill": "#000",
                      "opacity": 1,
                      "text": "0.4",
                      "angle": 0,
                      "limit": 180,
                      "font": "sans-serif",
                      "fontSize": 10
                    },
                    {
                      "x": -7,
                      "y": 100,
                      "align": "right",
                      "baseline": "middle",
                      "fill": "#000",
                      "opacity": 1,
                      "text": "0.6",
                      "angle": 0,
                      "limit": 180,
                      "font": "sans-serif",
                      "fontSize": 10
                    },
                    {
                      "x": -7,
                      "y": 66.66666666666666,
                      "align": "right",
                      "baseline": "middle",
                      "fill": "#000",
                      "opacity": 1,
                      "text": "0.8",
                      "angle": 0,
                      "limit": 180,
                      "font": "sans-serif",
                      "fontSize": 10
                    },
                    {
                      "x": -7,
                      "y": 33.33333333333333,
                      "align": "right",
                      "baseline": "middle",
                      "fill": "#000",
                      "opacity": 1,
                      "text": "1.0",
                      "angle": 0,
                      "limit": 180,
                      "font": "sans-serif",
                      "fontSize": 10
                    },
                    {
                      "x": -7,
                      "y": 0,
                      "align": "right",
                      "baseline": "middle",
                      "fill": "#000",
                      "opacity": 1,
                      "text": "1.2",
                      "angle": 0,
                      "limit": 180,
                      "font": "sans-serif",
                      "fontSize": 10
                    }
                  ],
                  "zindex": 0
                },
                {
                  "marktype": "rule",
                  "role": "axis-domain",
                  "interactive": false,
                  "clip": false,
                  "items": [
                    {
                      "x": 0,
                      "y": 200,
                      "opacity": 1,
                      "stroke": "#888",
                      "strokeWidth": 1,
                      "y2": 0
                    }
                  ],
                  "zindex": 0
                },
                {
                  "marktype": "text",
                  "role": "axis-title",
                  "interactive": false,
                  "clip": false,
                  "items": [
                    {
                      "x": -24.9013671875,
                      "y": 100,
                      "align": "center",
                      "baseline": "bottom",
                      "fill": "#000",
                      "opacity": 1,
                      "text": "previous_sum",
                      "angle": -90,
                      "font": "sans-serif",
                      "fontSize": 11,
                      "fontWeight": "bold"
                    }
                  ],
                  "zindex": 0
                }
              ],
              "x": 0.5,
              "y": 0.5,
              "orient": "left"
            }
          ],
          "zindex": 0
        },
        {
          "marktype": "rect",
          "name": "layer_0_marks",
          "role": "mark",
          "interactive": true,
          "clip": false,
          "items": [
            {
              "x": -20,
              "y": 0,
              "width": 60,
              "height": 200,
              "fill": "#4c78a8",
              "y2": 200,
              "description": "column_name: Prior; previous_sum: 1.2",
              "ariaRoleDescription": "bar"
            }
          ],
          "zindex": 0
        }
      ],
      "x": 0,
      "y": 0,
      "width": 20,
      "height": 200,
      "fill": "transparent",
      "stroke": "#ddd"
    }
  ],
  "zindex": 0
}